// Jest Snapshot v1, https://goo.gl/fbAQLP

exports[`Button renders correctly 1`] = `
Array [
  <div>
    <button
      className="sc-AxiKw sc-AxheI iUUfME"
      disabled={true}
      onClick={[Function]}
      onMouseDown={[Function]}
    >
      <span>
        Primary Button
      </span>
    </button>
    <button
      className="sc-AxiKw sc-Axmtr fbANLJ"
      disabled={true}
      onClick={[Function]}
      onMouseDown={[Function]}
    >
      <span>
        Default Button
      </span>
    </button>
    <button
      className="sc-AxiKw sc-AxmLO dnARkq"
      disabled={true}
      onClick={[Function]}
      onMouseDown={[Function]}
    >
      <span>
        Dashed Button
      </span>
    </button>
    <button
      className="sc-AxiKw sc-fzozJi fBCfGu"
      disabled={true}
      onClick={[Function]}
      onMouseDown={[Function]}
    >
      <span>
        Text Button
      </span>
    </button>
    <button
      className="sc-AxiKw sc-fzoLsD hnYQsF"
      disabled={true}
      onClick={[Function]}
      onMouseDown={[Function]}
    >
      <span>
        Link Button
      </span>
    </button>
  </div>,
  <div
    style={
      Object {
        "backgroundColor": "rgb(190, 200, 200)",
        "paddingTop": 12,
      }
    }
  >
    <button
      className="sc-AxiKw sc-AxheI czYOWC"
      onClick={[Function]}
      onMouseDown={[Function]}
    >
      <span>
        Primary Button
      </span>
    </button>
    <button
      className="sc-AxiKw sc-Axmtr kVmKXA"
      onClick={[Function]}
      onMouseDown={[Function]}
    >
      <span>
        Default Button
      </span>
    </button>
    <button
      className="sc-AxiKw sc-AxmLO bHfEFN"
      onClick={[Function]}
      onMouseDown={[Function]}
    >
      <span>
        Dashed Button
      </span>
    </button>
    <button
      className="sc-AxiKw sc-fzozJi dDKydC"
      onClick={[Function]}
      onMouseDown={[Function]}
    >
      <span>
        Text Button
      </span>
    </button>
    <button
      className="sc-AxiKw sc-fzoLsD bAkHPd"
      onClick={[Function]}
      onMouseDown={[Function]}
    >
      <span>
        Link Button
      </span>
    </button>
  </div>,
  <div
    style={
      Object {
        "border": "1px solid black",
        "margin": 10,
        "padding": 25,
        "width": 200,
      }
    }
  >
    <button
      className="sc-AxiKw sc-AxheI jAEfKR"
      onClick={[Function]}
      onMouseDown={[Function]}
    >
      <span>
        Primary Button
      </span>
    </button>
    <button
      className="sc-AxiKw sc-Axmtr gTSmqz"
      onClick={[Function]}
      onMouseDown={[Function]}
    >
      <span>
        Default Button
      </span>
    </button>
    <button
      className="sc-AxiKw sc-AxmLO juzGLJ"
      onClick={[Function]}
      onMouseDown={[Function]}
    >
      <span>
        Dashed Button
      </span>
    </button>
    <button
      className="sc-AxiKw sc-fzozJi cEXLFa"
      onClick={[Function]}
      onMouseDown={[Function]}
    >
      <span>
        Text Button
      </span>
    </button>
    <button
      className="sc-AxiKw sc-fzoLsD ioZmlg"
      onClick={[Function]}
      onMouseDown={[Function]}
    >
      <span>
        Link Button
      </span>
    </button>
  </div>,
  <div>
    <button
      className="sc-AxiKw sc-Axmtr evtuNb"
      onClick={[Function]}
      onMouseDown={[Function]}
    >
      <span
        className="sc-AxhCb iTZsUI"
      >
        <svg
          aria-hidden={true}
          className="MuiSvgIcon-root"
          focusable="false"
          viewBox="0 0 24 24"
        >
          <path
            d="M6 19c0 1.1.9 2 2 2h8c1.1 0 2-.9 2-2V7H6v12zM19 4h-3.5l-1-1h-5l-1 1H5v2h14V4z"
          />
        </svg>
      </span>
    </button>
    <button
      className="sc-AxiKw sc-Axmtr hlgLWj"
      onClick={[Function]}
      onMouseDown={[Function]}
      shape="circle"
    >
      <span
        className="sc-AxhCb iTZsUI"
      >
        <svg
          aria-hidden={true}
          className="MuiSvgIcon-root"
          focusable="false"
          viewBox="0 0 24 24"
        >
          <path
            d="M6 19c0 1.1.9 2 2 2h8c1.1 0 2-.9 2-2V7H6v12zM19 4h-3.5l-1-1h-5l-1 1H5v2h14V4z"
          />
        </svg>
      </span>
    </button>
    <button
      className="sc-AxiKw sc-Axmtr kdIUgf"
      onClick={[Function]}
      onMouseDown={[Function]}
      shape="round"
    >
      <span
        className="sc-AxhCb iTZsUI"
      >
        <svg
          aria-hidden={true}
          className="MuiSvgIcon-root"
          focusable="false"
          viewBox="0 0 24 24"
        >
          <path
            d="M6 19c0 1.1.9 2 2 2h8c1.1 0 2-.9 2-2V7H6v12zM19 4h-3.5l-1-1h-5l-1 1H5v2h14V4z"
          />
        </svg>
      </span>
    </button>
  </div>,
  <div>
    <button
      className="sc-AxiKw sc-Axmtr dwFjtu"
      onClick={[Function]}
      onMouseDown={[Function]}
      size="lg"
    >
      <span
        className="sc-AxhCb iTZsUI"
      >
        <svg
          aria-hidden={true}
          className="MuiSvgIcon-root"
          focusable="false"
          viewBox="0 0 24 24"
        >
          <path
            d="M6 19c0 1.1.9 2 2 2h8c1.1 0 2-.9 2-2V7H6v12zM19 4h-3.5l-1-1h-5l-1 1H5v2h14V4z"
          />
        </svg>
      </span>
      <span>
        Trash
      </span>
    </button>
    <button
      className="sc-AxiKw sc-Axmtr evtuNb"
      onClick={[Function]}
      onMouseDown={[Function]}
    >
      <span
        className="sc-AxhCb iTZsUI"
      >
        <svg
          aria-hidden={true}
          className="MuiSvgIcon-root"
          focusable="false"
          viewBox="0 0 24 24"
        >
          <path
            d="M6 19c0 1.1.9 2 2 2h8c1.1 0 2-.9 2-2V7H6v12zM19 4h-3.5l-1-1h-5l-1 1H5v2h14V4z"
          />
        </svg>
      </span>
      <span>
        Trash
      </span>
    </button>
    <button
      className="sc-AxiKw sc-Axmtr kBhEii"
      onClick={[Function]}
      onMouseDown={[Function]}
      size="sm"
    >
      <span
        className="sc-AxhCb iTZsUI"
      >
        <svg
          aria-hidden={true}
          className="MuiSvgIcon-root"
          focusable="false"
          viewBox="0 0 24 24"
        >
          <path
            d="M6 19c0 1.1.9 2 2 2h8c1.1 0 2-.9 2-2V7H6v12zM19 4h-3.5l-1-1h-5l-1 1H5v2h14V4z"
          />
        </svg>
      </span>
      <span>
        Trash
      </span>
    </button>
  </div>,
]
`;
