// Jest Snapshot v1, https://goo.gl/fbAQLP

exports[`Button renders correctly 1`] = `
Array [
  <div>
    <button
      className="sc-AxjAm sc-AxirZ dRhYLB"
      disabled={true}
      onClick={[Function]}
      onMouseDown={[Function]}
    >
      Primary Button
    </button>
    <button
      className="sc-AxjAm sc-AxiKw bbzDIb"
      disabled={true}
      onClick={[Function]}
      onMouseDown={[Function]}
    >
      Default Button
    </button>
    <button
      className="sc-AxjAm sc-AxhCb XtWyh"
      disabled={true}
      onClick={[Function]}
      onMouseDown={[Function]}
    >
      Dashed Button
    </button>
    <button
      className="sc-AxjAm sc-AxhUy gdqZfh"
      disabled={true}
      onClick={[Function]}
      onMouseDown={[Function]}
    >
      Text Button
    </button>
    <button
      className="sc-AxjAm sc-AxgMl eYpDlS"
      disabled={true}
      onClick={[Function]}
      onMouseDown={[Function]}
    >
      Link Button
    </button>
  </div>,
  <div
    style={
      Object {
        "backgroundColor": "rgb(190, 200, 200)",
        "paddingTop": 12,
      }
    }
  >
    <button
      className="sc-AxjAm sc-AxirZ dnFsqu"
      onClick={[Function]}
      onMouseDown={[Function]}
    >
      Primary Button
    </button>
    <button
      className="sc-AxjAm sc-AxiKw ddnzIO"
      onClick={[Function]}
      onMouseDown={[Function]}
    >
      Default Button
    </button>
    <button
      className="sc-AxjAm sc-AxhCb kIignA"
      onClick={[Function]}
      onMouseDown={[Function]}
    >
      Dashed Button
    </button>
    <button
      className="sc-AxjAm sc-AxhUy divbjH"
      onClick={[Function]}
      onMouseDown={[Function]}
    >
      Text Button
    </button>
    <button
      className="sc-AxjAm sc-AxgMl caTxcc"
      onClick={[Function]}
      onMouseDown={[Function]}
    >
      Link Button
    </button>
  </div>,
  <div
    style={
      Object {
        "border": "1px solid black",
        "margin": 10,
        "padding": 25,
        "width": 200,
      }
    }
  >
    <button
      className="sc-AxjAm sc-AxirZ hsFlcU"
      onClick={[Function]}
      onMouseDown={[Function]}
    >
      Primary Button
    </button>
    <button
      className="sc-AxjAm sc-AxiKw irgWjJ"
      onClick={[Function]}
      onMouseDown={[Function]}
    >
      Default Button
    </button>
    <button
      className="sc-AxjAm sc-AxhCb hFTAUr"
      onClick={[Function]}
      onMouseDown={[Function]}
    >
      Dashed Button
    </button>
    <button
      className="sc-AxjAm sc-AxhUy eHocWI"
      onClick={[Function]}
      onMouseDown={[Function]}
    >
      Text Button
    </button>
    <button
      className="sc-AxjAm sc-AxgMl yMNNr"
      onClick={[Function]}
      onMouseDown={[Function]}
    >
      Link Button
    </button>
  </div>,
  <div>
    <button
      className="sc-AxjAm sc-AxiKw fpVmGd"
      onClick={[Function]}
      onMouseDown={[Function]}
    >
      <svg
        aria-hidden={true}
        className="MuiSvgIcon-root"
        focusable="false"
        style={
          Object {
            "height": "1.125rem",
          }
        }
        viewBox="0 0 24 24"
      >
        <path
          d="M6 19c0 1.1.9 2 2 2h8c1.1 0 2-.9 2-2V7H6v12zM19 4h-3.5l-1-1h-5l-1 1H5v2h14V4z"
        />
      </svg>
    </button>
    <button
      className="sc-AxjAm sc-AxiKw iMnTKx"
      onClick={[Function]}
      onMouseDown={[Function]}
      shape="circle"
    >
      <svg
        aria-hidden={true}
        className="MuiSvgIcon-root"
        focusable="false"
        style={
          Object {
            "height": "1.125rem",
          }
        }
        viewBox="0 0 24 24"
      >
        <path
          d="M6 19c0 1.1.9 2 2 2h8c1.1 0 2-.9 2-2V7H6v12zM19 4h-3.5l-1-1h-5l-1 1H5v2h14V4z"
        />
      </svg>
    </button>
    <button
      className="sc-AxjAm sc-AxiKw cLyquJ"
      onClick={[Function]}
      onMouseDown={[Function]}
      shape="round"
    >
      <svg
        aria-hidden={true}
        className="MuiSvgIcon-root"
        focusable="false"
        style={
          Object {
            "height": "1.125rem",
          }
        }
        viewBox="0 0 24 24"
      >
        <path
          d="M6 19c0 1.1.9 2 2 2h8c1.1 0 2-.9 2-2V7H6v12zM19 4h-3.5l-1-1h-5l-1 1H5v2h14V4z"
        />
      </svg>
    </button>
  </div>,
  <div>
    <button
      className="sc-AxjAm sc-AxiKw dfcumE"
      onClick={[Function]}
      onMouseDown={[Function]}
      size="lg"
    >
      <svg
        aria-hidden={true}
        className="MuiSvgIcon-root"
        focusable="false"
        style={
          Object {
            "height": "1.1875rem",
          }
        }
        viewBox="0 0 24 24"
      >
        <path
          d="M6 19c0 1.1.9 2 2 2h8c1.1 0 2-.9 2-2V7H6v12zM19 4h-3.5l-1-1h-5l-1 1H5v2h14V4z"
        />
      </svg>
      Trash
    </button>
    <button
      className="sc-AxjAm sc-AxiKw fpVmGd"
      onClick={[Function]}
      onMouseDown={[Function]}
    >
      <svg
        aria-hidden={true}
        className="MuiSvgIcon-root"
        focusable="false"
        style={
          Object {
            "height": "1.125rem",
          }
        }
        viewBox="0 0 24 24"
      >
        <path
          d="M6 19c0 1.1.9 2 2 2h8c1.1 0 2-.9 2-2V7H6v12zM19 4h-3.5l-1-1h-5l-1 1H5v2h14V4z"
        />
      </svg>
      Trash
    </button>
    <button
      className="sc-AxjAm sc-AxiKw fOSlgE"
      onClick={[Function]}
      onMouseDown={[Function]}
      size="sm"
    >
      <svg
        aria-hidden={true}
        className="MuiSvgIcon-root"
        focusable="false"
        style={
          Object {
            "height": "1.125rem",
          }
        }
        viewBox="0 0 24 24"
      >
        <path
          d="M6 19c0 1.1.9 2 2 2h8c1.1 0 2-.9 2-2V7H6v12zM19 4h-3.5l-1-1h-5l-1 1H5v2h14V4z"
        />
      </svg>
      Trash
    </button>
  </div>,
]
`;
