// Jest Snapshot v1, https://goo.gl/fbAQLP

exports[`Card renders correctly 1`] = `
Array [
  <div>
    <div
      className="sc-iCoHVE bAuXVS"
      style={
        Object {
          "width": 300,
        }
      }
    >
      <div
        className="sc-kEqYlL bPkiUk"
      >
        <p>
          Card content
        </p>
        <p>
          Card content
        </p>
        <p>
          Card content
        </p>
      </div>
    </div>
  </div>,
  <div>
    <div
      className="sc-iCoHVE bAuXVS"
      style={
        Object {
          "width": 300,
        }
      }
    >
      <div
        className="sc-fujyUd loarRW"
      >
        <div
          className="sc-pNWxx cvvdbT"
        >
          Default size card
        </div>
        <div
          className="sc-jrsJCI eqoBYy"
        >
          <a
            href="#"
          >
            More
          </a>
        </div>
      </div>
      <div
        className="sc-kEqYlL bPkiUk"
      >
        <p>
          Card content
        </p>
        <p>
          Card content
        </p>
        <p>
          Card content
        </p>
      </div>
    </div>
  </div>,
  <div>
    <div
      className="sc-iCoHVE bAuXVS"
      style={
        Object {
          "width": 300,
        }
      }
    >
      <div
        className="sc-fujyUd loarRW"
      >
        <div
          className="sc-pNWxx cvvdbT"
        >
          Medium card
        </div>
      </div>
      <div
        className="sc-kEqYlL bPkiUk"
      >
        <p
          style={
            Object {
              "margin": 0,
            }
          }
        >
          Card content
        </p>
        <p
          style={
            Object {
              "margin": 0,
            }
          }
        >
          Card content
        </p>
        <p
          style={
            Object {
              "margin": 0,
            }
          }
        >
          Card content
        </p>
      </div>
    </div>
    <br />
    <div
      className="sc-iCoHVE bAuXVS"
      size="sm"
      style={
        Object {
          "width": 300,
        }
      }
    >
      <div
        className="sc-fujyUd gniajW"
        size="sm"
      >
        <div
          className="sc-pNWxx cvvdbT"
          size="sm"
        >
          Small card
        </div>
      </div>
      <div
        className="sc-kEqYlL cZzJRJ"
        size="sm"
      >
        <p
          style={
            Object {
              "margin": 0,
            }
          }
        >
          Card content
        </p>
        <p
          style={
            Object {
              "margin": 0,
            }
          }
        >
          Card content
        </p>
        <p
          style={
            Object {
              "margin": 0,
            }
          }
        >
          Card content
        </p>
      </div>
    </div>
  </div>,
  <div>
    <div
      style={
        Object {
          "background": "rgb(236, 236, 236)",
          "padding": 30,
          "width": 300,
        }
      }
    >
      <div
        className="sc-iCoHVE fVPwyS"
        style={
          Object {
            "width": 300,
          }
        }
      >
        <div
          className="sc-fujyUd loarRW"
        >
          <div
            className="sc-pNWxx cvvdbT"
          >
            No borders
          </div>
        </div>
        <div
          className="sc-kEqYlL bPkiUk"
        >
          <p
            style={
              Object {
                "margin": 0,
              }
            }
          >
            Card content
          </p>
          <p
            style={
              Object {
                "margin": 0,
              }
            }
          >
            Card content
          </p>
          <p
            style={
              Object {
                "margin": 0,
              }
            }
          >
            Card content
          </p>
        </div>
      </div>
    </div>
  </div>,
  <div>
    <div
      className="sc-iCoHVE jRTpVz"
      style={
        Object {
          "width": 300,
        }
      }
    >
      <div
        className="sc-fujyUd loarRW"
      >
        <div
          className="sc-pNWxx cvvdbT"
        >
          Hoverable
        </div>
      </div>
      <div
        className="sc-kEqYlL bPkiUk"
      >
        <p
          style={
            Object {
              "margin": 0,
            }
          }
        >
          Card content
        </p>
        <p
          style={
            Object {
              "margin": 0,
            }
          }
        >
          Card content
        </p>
        <p
          style={
            Object {
              "margin": 0,
            }
          }
        >
          Card content
        </p>
      </div>
    </div>
  </div>,
  <div>
    <div
      className="sc-iCoHVE bAuXVS"
      style={
        Object {
          "width": 300,
        }
      }
    >
      <div
        className="sc-fujyUd loarRW"
      >
        <div
          className="sc-pNWxx cvvdbT"
        >
          Actions
        </div>
      </div>
      <div
        className="sc-kEqYlL bPkiUk"
      >
        <p
          style={
            Object {
              "margin": 0,
            }
          }
        >
          Card content
        </p>
        <p
          style={
            Object {
              "margin": 0,
            }
          }
        >
          Card content
        </p>
        <p
          style={
            Object {
              "margin": 0,
            }
          }
        >
          Card content
        </p>
      </div>
      <div
        className="sc-iqAbSa kSvqyX"
      >
        <div
          className="sc-crzoUp fwFaUB"
        >
          <svg
            fill="currentColor"
            height="1em"
            stroke="currentColor"
            strokeWidth="0"
            style={
              Object {
                "color": undefined,
              }
            }
            viewBox="0 0 24 24"
            width="1em"
            xmlns="http://www.w3.org/2000/svg"
          >
            <path
              d="M19.43 12.98c.04-.32.07-.64.07-.98s-.03-.66-.07-.98l2.11-1.65c.19-.15.24-.42.12-.64l-2-3.46c-.12-.22-.39-.3-.61-.22l-2.49 1c-.52-.4-1.08-.73-1.69-.98l-.38-2.65C14.46 2.18 14.25 2 14 2h-4c-.25 0-.46.18-.49.42l-.38 2.65c-.61.25-1.17.59-1.69.98l-2.49-1c-.23-.09-.49 0-.61.22l-2 3.46c-.13.22-.07.49.12.64l2.11 1.65c-.04.32-.07.65-.07.98s.03.66.07.98l-2.11 1.65c-.19.15-.24.42-.12.64l2 3.46c.12.22.39.3.61.22l2.49-1c.52.4 1.08.73 1.69.98l.38 2.65c.03.24.24.42.49.42h4c.25 0 .46-.18.49-.42l.38-2.65c.61-.25 1.17-.59 1.69-.98l2.49 1c.23.09.49 0 .61-.22l2-3.46c.12-.22.07-.49-.12-.64l-2.11-1.65zM12 15.5c-1.93 0-3.5-1.57-3.5-3.5s1.57-3.5 3.5-3.5 3.5 1.57 3.5 3.5-1.57 3.5-3.5 3.5z"
            />
          </svg>
        </div>
        <div
          className="sc-crzoUp fwFaUB"
        >
          <svg
            fill="currentColor"
            height="1em"
            stroke="currentColor"
            strokeWidth="0"
            style={
              Object {
                "color": undefined,
              }
            }
            viewBox="0 0 24 24"
            width="1em"
            xmlns="http://www.w3.org/2000/svg"
          >
            <path
              d="M3 17.25V21h3.75L17.81 9.94l-3.75-3.75L3 17.25zM20.71 7.04c.39-.39.39-1.02 0-1.41l-2.34-2.34c-.39-.39-1.02-.39-1.41 0l-1.83 1.83 3.75 3.75 1.83-1.83z"
            />
          </svg>
        </div>
        <div
          className="sc-crzoUp fwFaUB"
        >
          <svg
            fill="currentColor"
            height="1em"
            stroke="currentColor"
            strokeWidth="0"
            style={
              Object {
                "color": undefined,
              }
            }
            viewBox="0 0 24 24"
            width="1em"
            xmlns="http://www.w3.org/2000/svg"
          >
            <path
              d="M6 10c-1.1 0-2 .9-2 2s.9 2 2 2 2-.9 2-2-.9-2-2-2zm12 0c-1.1 0-2 .9-2 2s.9 2 2 2 2-.9 2-2-.9-2-2-2zm-6 0c-1.1 0-2 .9-2 2s.9 2 2 2 2-.9 2-2-.9-2-2-2z"
            />
          </svg>
        </div>
      </div>
    </div>
  </div>,
]
`;
