// Jest Snapshot v1, https://goo.gl/fbAQLP

exports[`Radio renders correctly 1`] = `
<label
  className="sc-AxjAm YGZFC"
>
  <span
    className="sc-AxirZ cuAbJJ"
  >
    <input
      checked={false}
      className="sc-AxhCb iSKkyU"
      onChange={[Function]}
      type="radio"
    />
    <span
      checked={false}
      className="sc-AxhUy gFqGol"
    />
  </span>
</label>
`;
