// Jest Snapshot v1, https://goo.gl/fbAQLP

exports[`Radio renders correctly 1`] = `
<div>
  <label
    className="sc-AxjAm jPaENV"
  >
    <span
      className="sc-AxirZ cuAbJJ"
    >
      <input
        checked={false}
        className="sc-AxhCb iSKkyU"
        onChange={[Function]}
        type="radio"
      />
      <span
        checked={false}
        className="sc-AxhUy eBLGqK"
      />
    </span>
    <span
      className="sc-AxiKw lcRopL"
    >
       Radio 
    </span>
  </label>
</div>
`;
