// Jest Snapshot v1, https://goo.gl/fbAQLP

exports[`Popover renders correctly 1`] = `
<div
  className="sc-fzoJus gDDLvU"
  onMouseEnter={[Function]}
  onMouseLeave={[Function]}
>
  <button
    className="sc-AxhUy sc-AxmLO jYvszA"
    onClick={[Function]}
    onMouseDown={[Function]}
  >
    <span>
      Hover me
    </span>
  </button>
  <div
    className="sc-fzoVTD jqJzhz"
  >
    <div
      className="sc-fznAgC gFryfp"
      size="sm"
    >
      <div
        className="sc-fzqAui dWYWTj"
        size="sm"
      />
    </div>
  </div>
</div>
`;
