// Jest Snapshot v1, https://goo.gl/fbAQLP

exports[`Popover renders correctly 1`] = `
<div
  className="sc-fzoLsD krNpGf"
  onMouseEnter={[Function]}
  onMouseLeave={[Function]}
>
  <button
    className="sc-fzoant sc-fzoydu jnWeJg"
    onClick={[Function]}
    onMouseDown={[Function]}
  >
    <span>
      Hover me
    </span>
  </button>
  <div
    className="sc-fzpans jbSOWW"
  >
    <div
      className="sc-AxhCb EkVxy"
      size="sm"
    >
      <div
        className="sc-Axmtr dmzVFZ"
        size="sm"
      />
    </div>
  </div>
</div>
`;
