// Jest Snapshot v1, https://goo.gl/fbAQLP

exports[`Popover renders correctly 1`] = `
<div
  className="sc-fzoCCn gkifCG"
  onMouseEnter={[Function]}
  onMouseLeave={[Function]}
>
  <button
    className="sc-fznxsB sc-fzqARJ oRitA"
    onClick={[Function]}
    onMouseDown={[Function]}
  >
    <span>
      Hover me
    </span>
  </button>
  <div
    className="sc-fzoPby ezmIpx"
  >
    <div
      className="sc-fzplgP fWAsQQ"
      size="sm"
    >
      <div
        className="sc-fzonjX ljAPcz"
        size="sm"
      />
    </div>
  </div>
</div>
`;
