// Jest Snapshot v1, https://goo.gl/fbAQLP

exports[`Text renders correctly 1`] = `
Array [
  <span
    className="sc-AxirZ hqkDwY"
    size={4}
  >
     This is a text 
  </span>,
  <span
    className="sc-AxirZ hpLNBn"
    size={4}
  >
     This is a strong text 
  </span>,
  <span
    className="sc-AxirZ bidIDo"
    size={4}
  >
     This is a highlighted text 
  </span>,
  <span
    className="sc-AxirZ hDfFCg"
    size={4}
  >
     const fiber = "hello world" 
  </span>,
  <span
    className="sc-AxirZ hqkDwY"
    size={4}
  >
     This is a text of size 4. 
  </span>,
  <span
    className="sc-AxirZ isPnJF"
    size={5}
  >
    This is a code of size 5, highlighted.
  </span>,
]
`;
