// Jest Snapshot v1, https://goo.gl/fbAQLP

exports[`Menu & Menu Items renders correctly 1`] = `
<div
  className="sc-fzqARJ gHMBkr"
  onMouseEnter={[Function]}
  onMouseLeave={[Function]}
>
  <span
    className="sc-fznyAO ljNgEp"
    size={4}
  >
     Hover Me 
  </span>
  <div
    className="sc-fzqNqU ckvSEf"
  />
</div>
`;
