// Jest Snapshot v1, https://goo.gl/fbAQLP

exports[`Menu & Menu Items renders correctly 1`] = `
<div
  className="sc-fzqMAW IaqfD"
  onMouseEnter={[Function]}
  onMouseLeave={[Function]}
>
  <span
    className="sc-fzpkJw dSqZJS"
    size={4}
  >
     Hover Me 
  </span>
  <div
    className="sc-fzoydu bJnHWj"
  >
    <ul
      className="sc-fzomME XTgWp"
    >
      <li
        className="sc-fzqAbL kuOMri"
        onClick={[Function]}
      >
        <span
          className="sc-fzpkJw dSqZJS"
          size={4}
        >
           Item 1 
        </span>
      </li>
      <li
        className="sc-fzqAbL kuOMri"
        onClick={[Function]}
      >
        <span
          className="sc-fzpkJw dSqZJS"
          size={4}
        >
           Item 2 
        </span>
      </li>
      <li
        className="sc-fzqAbL kuOMri"
        onClick={[Function]}
      >
        <span
          className="sc-fzpkJw dSqZJS"
          size={4}
        >
           Item 3 
        </span>
      </li>
    </ul>
  </div>
</div>
`;
