// Jest Snapshot v1, https://goo.gl/fbAQLP

exports[`Menu & Menu Items renders correctly 1`] = `
<div
  className="sc-fzoiQi inZeBd"
  onMouseEnter={[Function]}
  onMouseLeave={[Function]}
>
  <span
    className="sc-fzplWN cNSBYd"
    size={4}
  >
     Hover Me 
  </span>
  <div
    className="sc-fzqARJ bFFKuE"
  />
</div>
`;
