// Jest Snapshot v1, https://goo.gl/fbAQLP

exports[`Collapse renders correctly 1`] = `
<div
  className="sc-AxiKw fmWvBU"
>
  <div
    className="sc-AxhCb echsdo"
  >
    <div
      className="sc-AxhUy dcgExt"
      onClick={[Function]}
    >
      This is panel header 1
      <span
        className="sc-AxgMl kwkLze"
      />
      <span
        className="sc-AxheI fSziIi"
      >
        <svg
          aria-hidden={true}
          className="MuiSvgIcon-root"
          focusable="false"
          viewBox="0 0 24 24"
        >
          <path
            d="M16.59 8.59L12 13.17 7.41 8.59 6 10l6 6 6-6z"
          />
        </svg>
      </span>
    </div>
    <div
      className="sc-AxirZ kiMEmg"
    >
      <div
        className="sc-Axmtr VMlCD"
      >
        <p>
          Hello
        </p>
      </div>
    </div>
  </div>
  <div
    className="sc-AxhCb echsdo"
  >
    <div
      className="sc-AxhUy dcgExt"
      onClick={[Function]}
    >
      This is panel header 2
      <span
        className="sc-AxgMl kwkLze"
      />
      <span
        className="sc-AxheI fSziIi"
      >
        <svg
          aria-hidden={true}
          className="MuiSvgIcon-root"
          focusable="false"
          viewBox="0 0 24 24"
        >
          <path
            d="M16.59 8.59L12 13.17 7.41 8.59 6 10l6 6 6-6z"
          />
        </svg>
      </span>
    </div>
    <div
      className="sc-AxirZ kiMEmg"
    >
      <div
        className="sc-Axmtr VMlCD"
      >
        <p>
          Hello
        </p>
      </div>
    </div>
  </div>
  <div
    className="sc-AxhCb echsdo"
  >
    <div
      className="sc-AxhUy dcgExt"
      onClick={[Function]}
    >
      This is panel header 3
      <span
        className="sc-AxgMl kwkLze"
      />
      <span
        className="sc-AxheI fSziIi"
      >
        <svg
          aria-hidden={true}
          className="MuiSvgIcon-root"
          focusable="false"
          viewBox="0 0 24 24"
        >
          <path
            d="M16.59 8.59L12 13.17 7.41 8.59 6 10l6 6 6-6z"
          />
        </svg>
      </span>
    </div>
    <div
      className="sc-AxirZ kiMEmg"
    >
      <div
        className="sc-Axmtr VMlCD"
      >
        <p>
          Hello
        </p>
      </div>
    </div>
  </div>
</div>
`;
