// Jest Snapshot v1, https://goo.gl/fbAQLP

exports[`Space renders correctly 1`] = `
Array [
  <div>
    <div
      className="sc-AxjAm jowjGw"
      size="sm"
    >
      <div
        className="sc-AxirZ dEnRRl"
        style={Object {}}
      >
        <h1>
          Small
        </h1>
      </div>
      <div
        className="sc-AxirZ dEnRRl"
        style={Object {}}
      >
        <h1>
          Size
        </h1>
      </div>
      <div
        className="sc-AxirZ dEnRRl"
        style={
          Object {
            "margin": 0,
          }
        }
      >
        <h1>
          !
        </h1>
      </div>
    </div>
  </div>,
  <div>
    <div
      className="sc-AxjAm jowjGw"
      size="md"
    >
      <div
        className="sc-AxirZ dEnRRl"
        style={Object {}}
      >
        <h1>
          Middle
        </h1>
      </div>
      <div
        className="sc-AxirZ dEnRRl"
        style={Object {}}
      >
        <h1>
          Size
        </h1>
      </div>
      <div
        className="sc-AxirZ dEnRRl"
        style={
          Object {
            "margin": 0,
          }
        }
      >
        <h1>
          !
        </h1>
      </div>
    </div>
  </div>,
  <div>
    <div
      className="sc-AxjAm jowjGw"
      size="lg"
    >
      <div
        className="sc-AxirZ dEnRRl"
        style={Object {}}
      >
        <h1>
          Large
        </h1>
      </div>
      <div
        className="sc-AxirZ dEnRRl"
        style={Object {}}
      >
        <h1>
          Size
        </h1>
      </div>
      <div
        className="sc-AxirZ dEnRRl"
        style={
          Object {
            "margin": 0,
          }
        }
      >
        <h1>
          !
        </h1>
      </div>
    </div>
  </div>,
  <div>
    <div
      className="sc-AxjAm jowjGw"
      size={100}
    >
      <div
        className="sc-AxirZ dEnRRl"
        style={Object {}}
      >
        <h1>
          Number 100
        </h1>
      </div>
      <div
        className="sc-AxirZ dEnRRl"
        style={Object {}}
      >
        <h1>
          Size
        </h1>
      </div>
      <div
        className="sc-AxirZ dEnRRl"
        style={
          Object {
            "margin": 0,
          }
        }
      >
        <h1>
          !
        </h1>
      </div>
    </div>
  </div>,
  <div
    style={
      Object {
        "marginBottom": 10,
      }
    }
  >
    <div
      className="sc-AxjAm jowjGw"
      direction="horizontal"
    >
      <div
        className="sc-AxirZ dEnRRl"
        style={Object {}}
      >
        <div
          style={
            Object {
              "border": "1px solid blue",
              "flex": "none",
              "margin": 0,
              "padding": 4,
            }
          }
        >
          HELLO
        </div>
      </div>
      <div
        className="sc-AxirZ dEnRRl"
        style={
          Object {
            "margin": 0,
          }
        }
      >
        <div
          style={
            Object {
              "border": "1px solid blue",
              "flex": "none",
              "margin": 0,
              "padding": 4,
            }
          }
        >
          HORIZONTAL
        </div>
      </div>
    </div>
  </div>,
  <div>
    <div
      className="sc-AxjAm hYaSVo"
      direction="vertical"
    >
      <div
        className="sc-AxirZ dEnRRl"
        style={Object {}}
      >
        <div
          style={
            Object {
              "border": "1px solid blue",
              "flex": "none",
              "margin": 0,
              "padding": 4,
            }
          }
        >
          HELLO
        </div>
      </div>
      <div
        className="sc-AxirZ dEnRRl"
        style={
          Object {
            "margin": 0,
          }
        }
      >
        <div
          style={
            Object {
              "border": "1px solid blue",
              "flex": "none",
              "margin": 0,
              "padding": 4,
            }
          }
        >
          VERTICAL
        </div>
      </div>
    </div>
  </div>,
  <div
    style={
      Object {
        "display": "flex",
        "flexWrap": "wrap",
      }
    }
  >
    <div
      style={
        Object {
          "border": "1px solid blue",
          "flex": "none",
          "margin": "8px 4px",
          "padding": 4,
        }
      }
    >
      <div
        className="sc-AxjAm jowjGw"
      >
        <div
          className="sc-AxirZ dEnRRl"
          style={Object {}}
        >
          center
        </div>
        <div
          className="sc-AxirZ dEnRRl"
          style={Object {}}
        >
          <button>
            Primary
          </button>
        </div>
        <div
          className="sc-AxirZ dEnRRl"
          style={
            Object {
              "margin": 0,
            }
          }
        >
          <span
            style={
              Object {
                "background": "gray",
                "display": "inline-block",
                "padding": "32px 8px 16px",
              }
            }
          >
            Block
          </span>
        </div>
      </div>
    </div>
    <div
      style={
        Object {
          "border": "1px solid blue",
          "flex": "none",
          "margin": "8px 4px",
          "padding": 4,
        }
      }
    >
      <div
        className="sc-AxjAm cixmHd"
      >
        <div
          className="sc-AxirZ dEnRRl"
          style={Object {}}
        >
          start
        </div>
        <div
          className="sc-AxirZ dEnRRl"
          style={Object {}}
        >
          <button>
            Primary
          </button>
        </div>
        <div
          className="sc-AxirZ dEnRRl"
          style={
            Object {
              "margin": 0,
            }
          }
        >
          <span
            style={
              Object {
                "background": "gray",
                "display": "inline-block",
                "padding": "32px 8px 16px",
              }
            }
          >
            Block
          </span>
        </div>
      </div>
    </div>
    <div
      style={
        Object {
          "border": "1px solid blue",
          "flex": "none",
          "margin": "8px 4px",
          "padding": 4,
        }
      }
    >
      <div
        className="sc-AxjAm hkwaHe"
      >
        <div
          className="sc-AxirZ dEnRRl"
          style={Object {}}
        >
          end
        </div>
        <div
          className="sc-AxirZ dEnRRl"
          style={Object {}}
        >
          <button>
            Primary
          </button>
        </div>
        <div
          className="sc-AxirZ dEnRRl"
          style={
            Object {
              "margin": 0,
            }
          }
        >
          <span
            style={
              Object {
                "background": "gray",
                "display": "inline-block",
                "padding": "32px 8px 16px",
              }
            }
          >
            Block
          </span>
        </div>
      </div>
    </div>
    <div
      style={
        Object {
          "border": "1px solid blue",
          "flex": "none",
          "margin": "8px 4px",
          "padding": 4,
        }
      }
    >
      <div
        className="sc-AxjAm cfhoDs"
      >
        <div
          className="sc-AxirZ dEnRRl"
          style={Object {}}
        >
          baseline
        </div>
        <div
          className="sc-AxirZ dEnRRl"
          style={Object {}}
        >
          <button>
            Primary
          </button>
        </div>
        <div
          className="sc-AxirZ dEnRRl"
          style={
            Object {
              "margin": 0,
            }
          }
        >
          <span
            style={
              Object {
                "background": "gray",
                "display": "inline-block",
                "padding": "32px 8px 16px",
              }
            }
          >
            Block
          </span>
        </div>
      </div>
    </div>
  </div>,
]
`;
