// Jest Snapshot v1, https://goo.gl/fbAQLP

exports[`Table renders correctly 1`] = `
<div
  className="sc-jcwofb hiTPTK"
>
  <div
    className="sc-carGAA"
  >
    <table
      className="sc-iTVIwl hdHvmH"
    >
      <thead
        className="sc-iBzFoy"
      >
        <tr>
          <th
            className="sc-cTJmaU cdyWzq"
          >
            Name
          </th>
          <th
            className="sc-cTJmaU cdyWzq"
          >
            Age
          </th>
          <th
            className="sc-cTJmaU cdyWzq"
          >
            Address
          </th>
        </tr>
      </thead>
      <tbody
        className="sc-efHXLn"
        onChange={[Function]}
      >
        <tr
          className="sc-jNnnWF kPkuTV"
        >
          <td
            className="sc-dPaNSN jTavWk"
            onClick={[Function]}
          >
            <a>
              John Brown
            </a>
          </td>
          <td
            className="sc-dPaNSN jTavWk"
            onClick={[Function]}
          >
            32
          </td>
          <td
            className="sc-dPaNSN jTavWk"
            onClick={[Function]}
          >
            New York No. 1 Lake Park
          </td>
        </tr>
        <tr
          className="sc-jNnnWF kPkuTV"
        >
          <td
            className="sc-dPaNSN jTavWk"
            onClick={[Function]}
          >
            <a>
              Jim Green
            </a>
          </td>
          <td
            className="sc-dPaNSN jTavWk"
            onClick={[Function]}
          >
            42
          </td>
          <td
            className="sc-dPaNSN jTavWk"
            onClick={[Function]}
          >
            London No. 1 Lake Park
          </td>
        </tr>
        <tr
          className="sc-jNnnWF kPkuTV"
        >
          <td
            className="sc-dPaNSN jTavWk"
            onClick={[Function]}
          >
            <a>
              Joe Black
            </a>
          </td>
          <td
            className="sc-dPaNSN jTavWk"
            onClick={[Function]}
          >
            32
          </td>
          <td
            className="sc-dPaNSN jTavWk"
            onClick={[Function]}
          >
            Sidney No. 1 Lake Park
          </td>
        </tr>
        <tr
          className="sc-jNnnWF kPkuTV"
        >
          <td
            className="sc-dPaNSN jTavWk"
            onClick={[Function]}
          >
            <a>
              Disabled User
            </a>
          </td>
          <td
            className="sc-dPaNSN jTavWk"
            onClick={[Function]}
          >
            99
          </td>
          <td
            className="sc-dPaNSN jTavWk"
            onClick={[Function]}
          >
            Sidney No. 1 Lake Park
          </td>
        </tr>
      </tbody>
    </table>
  </div>
  <ul
    className="sc-jJMGHv kfzGwF sc-khIgXV hhUhLI"
  >
    <li
      className="sc-hiKfjK gddbAf"
    >
      <button
        className="sc-iqAbSa sc-hBMVcZ zunEF sc-gXfWUo fusBxu"
        disabled={true}
        onClick={[Function]}
        onMouseDown={[Function]}
        selected={false}
      >
        <span
          className="sc-crzoUp iXpqSm"
        >
          <svg
            fill="currentColor"
            height="1em"
            stroke="currentColor"
            strokeWidth="0"
            style={
              Object {
                "color": undefined,
              }
            }
            viewBox="0 0 24 24"
            width="1em"
            xmlns="http://www.w3.org/2000/svg"
          >
            <path
              d="M15.41 7.41L14 6l-6 6 6 6 1.41-1.41L10.83 12z"
            />
          </svg>
        </span>
      </button>
    </li>
    <li
      className="sc-hiKfjK gddbAf"
      onClick={[Function]}
    >
      <button
        className="sc-iqAbSa sc-hBMVcZ jyXsVX sc-gXfWUo emgPaa"
        onClick={[Function]}
        onMouseDown={[Function]}
        selected={true}
      >
        <span>
          1
        </span>
      </button>
    </li>
    <li
      className="sc-hiKfjK gddbAf"
    >
      <button
        className="sc-iqAbSa sc-hBMVcZ zunEF sc-gXfWUo fusBxu"
        disabled={true}
        onClick={[Function]}
        onMouseDown={[Function]}
        selected={false}
      >
        <span
          className="sc-crzoUp iXpqSm"
        >
          <svg
            fill="currentColor"
            height="1em"
            stroke="currentColor"
            strokeWidth="0"
            style={
              Object {
                "color": undefined,
              }
            }
            viewBox="0 0 24 24"
            width="1em"
            xmlns="http://www.w3.org/2000/svg"
          >
            <path
              d="M10 6L8.59 7.41 13.17 12l-4.58 4.59L10 18l6-6z"
            />
          </svg>
        </span>
      </button>
    </li>
  </ul>
</div>
`;
