// Jest Snapshot v1, https://goo.gl/fbAQLP

exports[`Slider renders correctly 1`] = `
Array [
  <div>
    <div
      className="sc-bdnylx hbhjnv"
      defaultValue={30}
      max={100}
      min={0}
      onMouseDown={[Function]}
      onMouseEnter={[Function]}
      onMouseLeave={[Function]}
      step={1}
    >
      <div
        className="sc-hKFyIo cVIIDG"
      />
      <div
        className="sc-eCApGN yKRww"
        style={
          Object {
            "width": "30%",
          }
        }
      />
      <div
        className="sc-jSFkmK jFMGvo"
        style={
          Object {
            "left": "calc(30% - 7px)",
          }
        }
      />
    </div>
    <br />
    <div
      className="sc-bdnylx hbhjnv"
      defaultValue={0}
      max={100}
      min={0}
      onMouseDown={[Function]}
      onMouseEnter={[Function]}
      onMouseLeave={[Function]}
      step={1}
      value={30}
    >
      <div
        className="sc-hKFyIo cVIIDG"
      />
      <div
        className="sc-eCApGN yKRww"
        style={
          Object {
            "width": "30%",
          }
        }
      />
      <div
        className="sc-jSFkmK jFMGvo"
        style={
          Object {
            "left": "calc(30% - 7px)",
          }
        }
      />
    </div>
  </div>,
  <div>
    <div
      className="sc-bdnylx hbhjnv"
      defaultValue={30}
      max={100}
      min={0}
      onMouseDown={[Function]}
      onMouseEnter={[Function]}
      onMouseLeave={[Function]}
      step={2}
    >
      <div
        className="sc-hKFyIo cVIIDG"
      />
      <div
        className="sc-eCApGN yKRww"
        style={
          Object {
            "width": "30%",
          }
        }
      />
      <div
        className="sc-jSFkmK jFMGvo"
        style={
          Object {
            "left": "calc(30% - 7px)",
          }
        }
      />
    </div>
    <br />
    <div
      className="sc-bdnylx hbhjnv"
      defaultValue={30}
      max={100}
      min={0}
      onMouseDown={[Function]}
      onMouseEnter={[Function]}
      onMouseLeave={[Function]}
      step={10}
    >
      <div
        className="sc-hKFyIo cVIIDG"
      />
      <div
        className="sc-eCApGN yKRww"
        style={
          Object {
            "width": "30%",
          }
        }
      />
      <div
        className="sc-jSFkmK jFMGvo"
        style={
          Object {
            "left": "calc(30% - 7px)",
          }
        }
      />
    </div>
  </div>,
  <div>
    <div
      className="sc-bdnylx lkrMsQ"
      defaultValue={30}
      disabled={true}
      max={100}
      min={0}
      onMouseDown={[Function]}
      onMouseEnter={[Function]}
      onMouseLeave={[Function]}
      step={1}
    >
      <div
        className="sc-hKFyIo cVIIDG"
      />
      <div
        className="sc-eCApGN bDzBtz"
        disabled={true}
        style={
          Object {
            "width": "30%",
          }
        }
      />
      <div
        className="sc-jSFkmK gRJtix"
        disabled={true}
        style={
          Object {
            "left": "calc(30% - 7px)",
          }
        }
      />
    </div>
  </div>,
  <div>
    <div
      style={
        Object {
          "height": 300,
        }
      }
    >
      <div
        className="sc-bdnylx dNFKKv"
        defaultValue={30}
        max={100}
        min={0}
        onMouseDown={[Function]}
        onMouseEnter={[Function]}
        onMouseLeave={[Function]}
        step={1}
      >
        <div
          className="sc-hKFyIo genmjN"
        />
        <div
          className="sc-eCApGN jFbxUq"
          style={
            Object {
              "height": "30%",
            }
          }
        />
        <div
          className="sc-jSFkmK iocRBw"
          style={
            Object {
              "top": "calc(70% - 7px)",
            }
          }
        />
      </div>
    </div>
  </div>,
  <div>
    <div
      className="sc-bdnylx exjzTy"
      defaultValue={30}
      max={100}
      min={0}
      onMouseDown={[Function]}
      onMouseEnter={[Function]}
      onMouseLeave={[Function]}
      step={1}
    >
      <div
        className="sc-hKFyIo cVIIDG"
      />
      <div
        className="sc-eCApGN yKRww"
        style={
          Object {
            "width": "30%",
          }
        }
      />
      <div
        className="sc-jSFkmK jFMGvo"
        style={
          Object {
            "left": "calc(30% - 7px)",
          }
        }
      />
    </div>
    <div
      className="sc-dlnjPT cgYgUh"
      defaultValue={30}
      max={100}
      min={0}
      step={1}
    >
      <span
        className="sc-gKAblj bmKVHo"
        onClick={[Function]}
        style={
          Object {
            "left": "calc(0% + 0px)",
          }
        }
      >
        0°C
      </span>
      <span
        className="sc-gKAblj bmKVHo"
        onClick={[Function]}
        style={
          Object {
            "left": "calc(26% + 0px)",
          }
        }
      >
        26°C
      </span>
      <span
        className="sc-gKAblj bmKVHo"
        onClick={[Function]}
        style={
          Object {
            "left": "calc(37% + 0px)",
          }
        }
      >
        37°C
      </span>
      <span
        className="sc-gKAblj bmKVHo"
        onClick={[Function]}
        style={
          Object {
            "color": "#f50",
            "left": "calc(100% + 0px)",
          }
        }
      >
        <strong>
          100°C
        </strong>
      </span>
    </div>
    <br />
    <div
      style={
        Object {
          "height": 300,
        }
      }
    >
      <div
        className="sc-gtssRu dXtaEC"
      >
        <div
          className="sc-bdnylx dNFKKv"
          defaultValue={30}
          max={100}
          min={0}
          onMouseDown={[Function]}
          onMouseEnter={[Function]}
          onMouseLeave={[Function]}
          step={1}
        >
          <div
            className="sc-hKFyIo genmjN"
          />
          <div
            className="sc-eCApGN jFbxUq"
            style={
              Object {
                "height": "30%",
              }
            }
          />
          <div
            className="sc-jSFkmK iocRBw"
            style={
              Object {
                "top": "calc(70% - 7px)",
              }
            }
          />
        </div>
        <div
          className="sc-dlnjPT fZTZTr"
          defaultValue={30}
          max={100}
          min={0}
          step={1}
        >
          <span
            className="sc-gKAblj cjnuhc"
            onClick={[Function]}
            style={
              Object {
                "top": "calc(100% - 10px)",
              }
            }
          >
            0°C
          </span>
          <span
            className="sc-gKAblj cjnuhc"
            onClick={[Function]}
            style={
              Object {
                "top": "calc(74% - 10px)",
              }
            }
          >
            26°C
          </span>
          <span
            className="sc-gKAblj cjnuhc"
            onClick={[Function]}
            style={
              Object {
                "top": "calc(63% - 10px)",
              }
            }
          >
            37°C
          </span>
          <span
            className="sc-gKAblj cjnuhc"
            onClick={[Function]}
            style={
              Object {
                "color": "#f50",
                "top": "calc(0% - 10px)",
              }
            }
          >
            <strong>
              100°C
            </strong>
          </span>
        </div>
      </div>
    </div>
  </div>,
]
`;
