// Jest Snapshot v1, https://goo.gl/fbAQLP

exports[`Slider renders correctly 1`] = `
<div
  className="sc-AxjAm grRds"
  defaultValue={0}
  max={100}
  min={0}
  onMouseDown={[Function]}
>
  <div
    className="sc-AxirZ jUQwiX"
  />
  <div
    className="sc-AxiKw kDrLQd"
    style={
      Object {
        "width": "0%",
      }
    }
  />
  <div
    className="sc-AxhCb jEFTOF"
    style={
      Object {
        "left": "calc(0% - 5px)",
      }
    }
  />
</div>
`;
