// Jest Snapshot v1, https://goo.gl/fbAQLP

exports[`Slider renders correctly 1`] = `
Array [
  <div>
    <div
      className="sc-bdnylx eHCNGe"
      defaultValue={30}
      max={100}
      min={0}
      onMouseDown={[Function]}
      onMouseEnter={[Function]}
      onMouseLeave={[Function]}
      step={1}
    >
      <div
        className="sc-gtssRu uGDIs"
      />
      <div
        className="sc-dlnjPT hkexCO"
        style={
          Object {
            "width": "30%",
          }
        }
      />
      <div
        className="sc-hKFyIo fToxvM"
        style={
          Object {
            "left": "calc(30% - 7px)",
          }
        }
      />
    </div>
    <br />
    <div
      className="sc-bdnylx eHCNGe"
      defaultValue={0}
      max={100}
      min={0}
      onMouseDown={[Function]}
      onMouseEnter={[Function]}
      onMouseLeave={[Function]}
      step={1}
      value={30}
    >
      <div
        className="sc-gtssRu uGDIs"
      />
      <div
        className="sc-dlnjPT hkexCO"
        style={
          Object {
            "width": "30%",
          }
        }
      />
      <div
        className="sc-hKFyIo fToxvM"
        style={
          Object {
            "left": "calc(30% - 7px)",
          }
        }
      />
    </div>
  </div>,
  <div>
    <div
      className="sc-bdnylx eHCNGe"
      defaultValue={30}
      max={100}
      min={0}
      onMouseDown={[Function]}
      onMouseEnter={[Function]}
      onMouseLeave={[Function]}
      step={2}
    >
      <div
        className="sc-gtssRu uGDIs"
      />
      <div
        className="sc-dlnjPT hkexCO"
        style={
          Object {
            "width": "30%",
          }
        }
      />
      <div
        className="sc-hKFyIo fToxvM"
        style={
          Object {
            "left": "calc(30% - 7px)",
          }
        }
      />
    </div>
    <br />
    <div
      className="sc-bdnylx eHCNGe"
      defaultValue={30}
      max={100}
      min={0}
      onMouseDown={[Function]}
      onMouseEnter={[Function]}
      onMouseLeave={[Function]}
      step={10}
    >
      <div
        className="sc-gtssRu uGDIs"
      />
      <div
        className="sc-dlnjPT hkexCO"
        style={
          Object {
            "width": "30%",
          }
        }
      />
      <div
        className="sc-hKFyIo fToxvM"
        style={
          Object {
            "left": "calc(30% - 7px)",
          }
        }
      />
    </div>
  </div>,
  <div>
    <div
      className="sc-bdnylx jflDPR"
      defaultValue={30}
      disabled={true}
      max={100}
      min={0}
      onMouseDown={[Function]}
      onMouseEnter={[Function]}
      onMouseLeave={[Function]}
      step={1}
    >
      <div
        className="sc-gtssRu uGDIs"
      />
      <div
        className="sc-dlnjPT hIvuBx"
        disabled={true}
        style={
          Object {
            "width": "30%",
          }
        }
      />
      <div
        className="sc-hKFyIo iRBwDR"
        disabled={true}
        style={
          Object {
            "left": "calc(30% - 7px)",
          }
        }
      />
    </div>
  </div>,
  <div>
    <div
      style={
        Object {
          "height": 300,
        }
      }
    >
      <div
        className="sc-bdnylx fBsVGD"
        defaultValue={30}
        max={100}
        min={0}
        onMouseDown={[Function]}
        onMouseEnter={[Function]}
        onMouseLeave={[Function]}
        step={1}
      >
        <div
          className="sc-gtssRu kgRVHX"
        />
        <div
          className="sc-dlnjPT iqcJPQ"
          style={
            Object {
              "height": "30%",
            }
          }
        />
        <div
          className="sc-hKFyIo qiLKQ"
          style={
            Object {
              "top": "calc(70% - 7px)",
            }
          }
        />
      </div>
    </div>
  </div>,
  <div>
    <div
      className="sc-bdnylx EIVIZ"
      defaultValue={30}
      max={100}
      min={0}
      onMouseDown={[Function]}
      onMouseEnter={[Function]}
      onMouseLeave={[Function]}
      step={1}
    >
      <div
        className="sc-gtssRu uGDIs"
      />
      <div
        className="sc-dlnjPT hkexCO"
        style={
          Object {
            "width": "30%",
          }
        }
      />
      <div
        className="sc-hKFyIo fToxvM"
        style={
          Object {
            "left": "calc(30% - 7px)",
          }
        }
      />
      <span
        className="sc-eCApGN bTQucm"
        style={
          Object {
            "left": "calc(0% + 0px)",
          }
        }
      >
        0°C
      </span>
      <span
        className="sc-eCApGN bTQucm"
        style={
          Object {
            "left": "calc(26% + 0px)",
          }
        }
      >
        26°C
      </span>
      <span
        className="sc-eCApGN bTQucm"
        style={
          Object {
            "left": "calc(37% + 0px)",
          }
        }
      >
        37°C
      </span>
      <span
        className="sc-eCApGN bTQucm"
        style={
          Object {
            "color": "#f50",
            "left": "calc(100% + 0px)",
          }
        }
      >
        <strong>
          100°C
        </strong>
      </span>
    </div>
    <br />
    <div
      style={
        Object {
          "height": 300,
        }
      }
    >
      <div
        className="sc-bdnylx bIjtZM"
        defaultValue={30}
        max={100}
        min={0}
        onMouseDown={[Function]}
        onMouseEnter={[Function]}
        onMouseLeave={[Function]}
        step={1}
      >
        <div
          className="sc-gtssRu kgRVHX"
        />
        <div
          className="sc-dlnjPT iqcJPQ"
          style={
            Object {
              "height": "30%",
            }
          }
        />
        <div
          className="sc-hKFyIo qiLKQ"
          style={
            Object {
              "top": "calc(70% - 7px)",
            }
          }
        />
        <span
          className="sc-eCApGN lbCWBO"
          style={
            Object {
              "top": "calc(100% - 10px)",
            }
          }
        >
          0°C
        </span>
        <span
          className="sc-eCApGN lbCWBO"
          style={
            Object {
              "top": "calc(74% - 10px)",
            }
          }
        >
          26°C
        </span>
        <span
          className="sc-eCApGN lbCWBO"
          style={
            Object {
              "top": "calc(63% - 10px)",
            }
          }
        >
          37°C
        </span>
        <span
          className="sc-eCApGN lbCWBO"
          style={
            Object {
              "color": "#f50",
              "top": "calc(0% - 10px)",
            }
          }
        >
          <strong>
            100°C
          </strong>
        </span>
      </div>
    </div>
  </div>,
]
`;
